....requesting url:https://api.bitfinex.com/v2/candles/trade:3h:tBTCUSD/hist?end=1522110343000.0&limit=5&sort=-1&start=1522054800000
/usr/local/lib/python3.5/dist-packages/pandas/core/indexing.py:194: SettingWithCopyWarning: 
A value is trying to be set on a copy of a slice from a DataFrame

See the caveats in the documentation: http://pandas.pydata.org/pandas-docs/stable/indexing.html#indexing-view-versus-copy
  self._setitem_with_indexer(indexer, value)
....requesting url:https://api.bitfinex.com/v2/candles/trade:15m:tBTCUSD/hist?end=1522110349000.0&limit=1&sort=-1&start=1522108800000
simulator.py:154: FutureWarning: pd.ewm_mean is deprecated for Series and will be removed in a future version, replace with 
	Series.ewm(span=3,adjust=True,ignore_na=False,min_periods=0).mean()
  statdata['ma']=pd.ewma(statdata['close'],span=int(pcttype[2:]))
simulator.py:228: FutureWarning: pd.ewm_mean is deprecated for Series and will be removed in a future version, replace with 
	Series.ewm(span=3,adjust=True,ignore_na=False,min_periods=0).mean()
  data['ma']=pd.ewma(data['close'],span=ma_units)
trading start at20180327 08:30:57
20180327 08:32:56止损/止盈处理.....
当前未开仓.....
20180327 08:39:56止损/止盈处理.....
当前未开仓.....
更新历史数据....
....requesting url:https://api.bitfinex.com/v2/candles/trade:15m:tBTCUSD/hist?end=1522111256000.0&limit=1&sort=-1&start=1522109700000
simulator.py:279: FutureWarning: pd.ewm_mean is deprecated for Series and will be removed in a future version, replace with 
	Series.ewm(span=3,adjust=True,ignore_na=False,min_periods=0).mean()
  nkline['ma']=pd.ewma(nkline['close'],span=ma_units)
20180327 08:41:03计算最新趋势....
计算信号....
持仓不变....
20180327 08:46:56止损/止盈处理.....
当前未开仓.....
20180327 08:53:56止损/止盈处理.....
当前未开仓.....
更新历史数据....
....requesting url:https://api.bitfinex.com/v2/candles/trade:15m:tBTCUSD/hist?end=1522112156000.0&limit=1&sort=-1&start=1522110600000
20180327 08:56:03计算最新趋势....
计算信号....
当前信号clear进行交易操作.....
持仓不变....
20180327 09:00:56止损/止盈处理.....
当前未开仓.....
20180327 09:07:56止损/止盈处理.....
当前未开仓.....
更新历史数据....
....requesting url:https://api.bitfinex.com/v2/candles/trade:15m:tBTCUSD/hist?end=1522113056000.0&limit=1&sort=-1&start=1522111500000
20180327 09:11:03计算最新趋势....
计算信号....
持仓不变....
20180327 09:14:56止损/止盈处理.....
当前未开仓.....
20180327 09:21:56止损/止盈处理.....
当前未开仓.....
更新历史数据....
....requesting url:https://api.bitfinex.com/v2/candles/trade:15m:tBTCUSD/hist?end=1522113956000.0&limit=1&sort=-1&start=1522112400000
20180327 09:26:03计算最新趋势....
计算信号....
持仓不变....
20180327 09:28:56止损/止盈处理.....
当前未开仓.....
20180327 09:35:56止损/止盈处理.....
当前未开仓.....
更新历史数据....
....requesting url:https://api.bitfinex.com/v2/candles/trade:15m:tBTCUSD/hist?end=1522114856000.0&limit=1&sort=-1&start=1522113300000
20180327 09:41:03计算最新趋势....
计算信号....
持仓不变....
20180327 09:42:56止损/止盈处理.....
当前未开仓.....
20180327 09:49:56止损/止盈处理.....
当前未开仓.....
更新历史数据....
....requesting url:https://api.bitfinex.com/v2/candles/trade:15m:tBTCUSD/hist?end=1522115756000.0&limit=1&sort=-1&start=1522114200000
20180327 09:56:03计算最新趋势....
计算信号....
当前信号sell进行交易操作.....
....requesting url:https://api.bitfinex.com/v2/ticker/tBTCUSD
执行交易订单：
{'time': datetime.datetime(2018, 3, 26, 21, 56, 3, 806479), 'price': 8082.4, 'note': None, 'volume': 0.012372562605166783, 'side': 'sell', 'position': -0.012372562605166783}
持仓不变....
20180327 09:56:56止损/止盈处理.....
....requesting url:https://api.bitfinex.com/v2/ticker/tBTCUSD
当前仓位为空仓，仓位均价=8082.4,当前ask价格=8060.1
20180327 10:03:56止损/止盈处理.....
....requesting url:https://api.bitfinex.com/v2/ticker/tBTCUSD
当前仓位为空仓，仓位均价=8082.4,当前ask价格=8009.6
20180327 10:10:56止损/止盈处理.....
....requesting url:https://api.bitfinex.com/v2/ticker/tBTCUSD
更新历史数据....
....requesting url:https://api.bitfinex.com/v2/candles/trade:15m:tBTCUSD/hist?end=1522116656000.0&limit=1&sort=-1&start=1522115100000
当前仓位为空仓，仓位均价=8082.4,当前ask价格=7961.4
20180327 10:11:03计算最新趋势....
计算信号....
持仓不变....
20180327 10:17:56止损/止盈处理.....
....requesting url:https://api.bitfinex.com/v2/ticker/tBTCUSD
当前仓位为空仓，仓位均价=8082.4,当前ask价格=7901.3
20180327 10:24:56止损/止盈处理.....
....requesting url:https://api.bitfinex.com/v2/ticker/tBTCUSD
当前仓位为空仓，仓位均价=8082.4,当前ask价格=7906.3
更新历史数据....
....requesting url:https://api.bitfinex.com/v2/candles/trade:15m:tBTCUSD/hist?end=1522117556000.0&limit=1&sort=-1&start=1522116000000
20180327 10:26:03计算最新趋势....
计算信号....
持仓不变....
20180327 10:31:56止损/止盈处理.....
....requesting url:https://api.bitfinex.com/v2/ticker/tBTCUSD
当前仓位为空仓，仓位均价=8082.4,当前ask价格=7881.2
20180327 10:38:56止损/止盈处理.....
....requesting url:https://api.bitfinex.com/v2/ticker/tBTCUSD
当前仓位为空仓，仓位均价=8082.4,当前ask价格=7894
更新历史数据....
....requesting url:https://api.bitfinex.com/v2/candles/trade:15m:tBTCUSD/hist?end=1522118456000.0&limit=1&sort=-1&start=1522116900000
20180327 10:41:03计算最新趋势....
计算信号....
持仓不变....
20180327 10:45:56止损/止盈处理.....
....requesting url:https://api.bitfinex.com/v2/ticker/tBTCUSD
当前仓位为空仓，仓位均价=8082.4,当前ask价格=7890.9
20180327 10:52:56止损/止盈处理.....
....requesting url:https://api.bitfinex.com/v2/ticker/tBTCUSD
当前仓位为空仓，仓位均价=8082.4,当前ask价格=7890
更新历史数据....
....requesting url:https://api.bitfinex.com/v2/candles/trade:15m:tBTCUSD/hist?end=1522119356000.0&limit=1&sort=-1&start=1522117800000
Job "trading (trigger: interval[0:15:00], next run at: 2018-03-26 23:10:56 EDT)" raised an exception
Traceback (most recent call last):
  File "/root/projects/trading/APIS/BitfinexAPI.py", line 23, in get_data
    return self.get(url)
  File "/root/projects/trading/APIS/RESTAPI.py", line 25, in get
    return conn.request_get(url)
  File "/root/projects/trading/web/Connection.py", line 87, in request_get
    return self._request_format(res,formattype=formattype)
  File "/root/projects/trading/web/Connection.py", line 107, in _request_format
    raise Exception('fail code:'+str(res.status_code)+res.text)
Exception: fail code:500["error",11000,"ready: invalid"]

During handling of the above exception, another exception occurred:

Traceback (most recent call last):
  File "/usr/local/lib/python3.5/dist-packages/apscheduler/executors/base.py", line 125, in run_job
    retval = job.func(*job.args, **job.kwargs)
  File "simulator.py", line 266, in trading
    updatehistdata(conf.timeframe)
  File "simulator.py", line 181, in updatehistdata
    if inithistdata(timeframe)==True:
  File "simulator.py", line 170, in inithistdata
    df=getkline(timeframe,lasttime,end=None)
  File "simulator.py", line 44, in getkline
    res=api.klines(conf.pair,timeframe,start=start,end=end)
  File "/root/projects/trading/APIS/BitfinexAPI.py", line 142, in klines
    klinedata.append(self.candels(pair,timeframe,start=start,end=end,limit=limit))
  File "/root/projects/trading/APIS/BitfinexAPI.py", line 192, in candels
    res=self.get_data(url)
  File "/root/projects/trading/APIS/BitfinexAPI.py", line 37, in get_data
    raise Exception(e)
Exception: fail code:500["error",11000,"ready: invalid"]
20180327 10:59:56止损/止盈处理.....
....requesting url:https://api.bitfinex.com/v2/ticker/tBTCUSD
当前仓位为空仓，仓位均价=8082.4,当前ask价格=7837.1
20180327 11:06:56止损/止盈处理.....
....requesting url:https://api.bitfinex.com/v2/ticker/tBTCUSD
当前仓位为空仓，仓位均价=8082.4,当前ask价格=7859
更新历史数据....
....requesting url:https://api.bitfinex.com/v2/candles/trade:15m:tBTCUSD/hist?end=1522120256000.0&limit=2&sort=-1&start=1522117800000
20180327 11:11:03计算最新趋势....
计算信号....
持仓不变....
20180327 11:13:56止损/止盈处理.....
....requesting url:https://api.bitfinex.com/v2/ticker/tBTCUSD
当前仓位为空仓，仓位均价=8082.4,当前ask价格=7876.6
20180327 11:20:56止损/止盈处理.....
....requesting url:https://api.bitfinex.com/v2/ticker/tBTCUSD
当前仓位为空仓，仓位均价=8082.4,当前ask价格=7881.6
更新历史数据....
....requesting url:https://api.bitfinex.com/v2/candles/trade:15m:tBTCUSD/hist?end=1522121156000.0&limit=1&sort=-1&start=1522119600000
20180327 11:26:03计算最新趋势....
计算信号....
持仓不变....
20180327 11:27:56止损/止盈处理.....
....requesting url:https://api.bitfinex.com/v2/ticker/tBTCUSD
当前仓位为空仓，仓位均价=8082.4,当前ask价格=7840.5
20180327 11:34:56止损/止盈处理.....
....requesting url:https://api.bitfinex.com/v2/ticker/tBTCUSD
当前仓位为空仓，仓位均价=8082.4,当前ask价格=7863
更新历史数据....
....requesting url:https://api.bitfinex.com/v2/candles/trade:15m:tBTCUSD/hist?end=1522122056000.0&limit=1&sort=-1&start=1522120500000
20180327 11:41:03计算最新趋势....
计算信号....
持仓不变....
20180327 11:41:56止损/止盈处理.....
....requesting url:https://api.bitfinex.com/v2/ticker/tBTCUSD
当前仓位为空仓，仓位均价=8082.4,当前ask价格=7850
20180327 11:48:56止损/止盈处理.....
....requesting url:https://api.bitfinex.com/v2/ticker/tBTCUSD
当前仓位为空仓，仓位均价=8082.4,当前ask价格=7828.1
20180327 11:55:56止损/止盈处理.....
更新历史数据....
....requesting url:https://api.bitfinex.com/v2/ticker/tBTCUSD
....requesting url:https://api.bitfinex.com/v2/candles/trade:15m:tBTCUSD/hist?end=1522122956000.0&limit=1&sort=-1&start=1522121400000
当前仓位为空仓，仓位均价=8082.4,当前ask价格=7823.9
20180327 11:56:03计算最新趋势....
计算信号....
持仓不变....
20180327 12:02:56止损/止盈处理.....
....requesting url:https://api.bitfinex.com/v2/ticker/tBTCUSD
当前仓位为空仓，仓位均价=8082.4,当前ask价格=7854.9
20180327 12:09:56止损/止盈处理.....
....requesting url:https://api.bitfinex.com/v2/ticker/tBTCUSD
当前仓位为空仓，仓位均价=8082.4,当前ask价格=7823.3
更新历史数据....
....requesting url:https://api.bitfinex.com/v2/candles/trade:15m:tBTCUSD/hist?end=1522123856000.0&limit=1&sort=-1&start=1522122300000
20180327 12:11:03计算最新趋势....
计算信号....
持仓不变....
20180327 12:16:56止损/止盈处理.....
....requesting url:https://api.bitfinex.com/v2/ticker/tBTCUSD
当前仓位为空仓，仓位均价=8082.4,当前ask价格=7891.9
20180327 12:23:56止损/止盈处理.....
....requesting url:https://api.bitfinex.com/v2/ticker/tBTCUSD
当前仓位为空仓，仓位均价=8082.4,当前ask价格=7884.6
更新历史数据....
....requesting url:https://api.bitfinex.com/v2/candles/trade:15m:tBTCUSD/hist?end=1522124756000.0&limit=1&sort=-1&start=1522123200000
20180327 12:26:03计算最新趋势....
计算信号....
持仓不变....
20180327 12:30:56止损/止盈处理.....
....requesting url:https://api.bitfinex.com/v2/ticker/tBTCUSD
当前仓位为空仓，仓位均价=8082.4,当前ask价格=7854.5
20180327 12:37:56止损/止盈处理.....
....requesting url:https://api.bitfinex.com/v2/ticker/tBTCUSD
当前仓位为空仓，仓位均价=8082.4,当前ask价格=7852.9
更新历史数据....
....requesting url:https://api.bitfinex.com/v2/candles/trade:15m:tBTCUSD/hist?end=1522125656000.0&limit=1&sort=-1&start=1522124100000
20180327 12:41:03计算最新趋势....
计算信号....
持仓不变....
20180327 12:44:56止损/止盈处理.....
....requesting url:https://api.bitfinex.com/v2/ticker/tBTCUSD
当前仓位为空仓，仓位均价=8082.4,当前ask价格=7844.8
20180327 12:51:56止损/止盈处理.....
....requesting url:https://api.bitfinex.com/v2/ticker/tBTCUSD
当前仓位为空仓，仓位均价=8082.4,当前ask价格=7769.6
更新历史数据....
....requesting url:https://api.bitfinex.com/v2/candles/trade:15m:tBTCUSD/hist?end=1522126556000.0&limit=1&sort=-1&start=1522125000000
20180327 12:56:03计算最新趋势....
计算信号....
持仓不变....
20180327 12:58:56止损/止盈处理.....
....requesting url:https://api.bitfinex.com/v2/ticker/tBTCUSD
当前仓位为空仓，仓位均价=8082.4,当前ask价格=7766.3
20180327 13:05:56止损/止盈处理.....
....requesting url:https://api.bitfinex.com/v2/ticker/tBTCUSD
当前仓位为空仓，仓位均价=8082.4,当前ask价格=7776.7
更新历史数据....
....requesting url:https://api.bitfinex.com/v2/candles/trade:15m:tBTCUSD/hist?end=1522127456000.0&limit=1&sort=-1&start=1522125900000
20180327 13:11:03计算最新趋势....
计算信号....
持仓不变....
20180327 13:12:56止损/止盈处理.....
....requesting url:https://api.bitfinex.com/v2/ticker/tBTCUSD
当前仓位为空仓，仓位均价=8082.4,当前ask价格=7759.4
20180327 13:19:56止损/止盈处理.....
....requesting url:https://api.bitfinex.com/v2/ticker/tBTCUSD
当前仓位为空仓，仓位均价=8082.4,当前ask价格=7774.5
更新历史数据....
....requesting url:https://api.bitfinex.com/v2/candles/trade:15m:tBTCUSD/hist?end=1522128356000.0&limit=1&sort=-1&start=1522126800000
20180327 13:26:04计算最新趋势....
计算信号....
持仓不变....
20180327 13:26:56止损/止盈处理.....
....requesting url:https://api.bitfinex.com/v2/ticker/tBTCUSD
当前仓位为空仓，仓位均价=8082.4,当前ask价格=7770.1
20180327 13:33:56止损/止盈处理.....
....requesting url:https://api.bitfinex.com/v2/ticker/tBTCUSD
当前仓位为空仓，仓位均价=8082.4,当前ask价格=7751.9
20180327 13:40:56止损/止盈处理.....
更新历史数据....
....requesting url:https://api.bitfinex.com/v2/ticker/tBTCUSD
....requesting url:https://api.bitfinex.com/v2/candles/trade:15m:tBTCUSD/hist?end=1522129256000.0&limit=1&sort=-1&start=1522127700000
当前仓位为空仓，仓位均价=8082.4,当前ask价格=7887.9
20180327 13:41:03计算最新趋势....
计算信号....
持仓不变....
20180327 13:47:56止损/止盈处理.....
....requesting url:https://api.bitfinex.com/v2/ticker/tBTCUSD
当前仓位为空仓，仓位均价=8082.4,当前ask价格=7919.6
20180327 13:54:56止损/止盈处理.....
....requesting url:https://api.bitfinex.com/v2/ticker/tBTCUSD
当前仓位为空仓，仓位均价=8082.4,当前ask价格=7888.1
更新历史数据....
....requesting url:https://api.bitfinex.com/v2/candles/trade:15m:tBTCUSD/hist?end=1522130156000.0&limit=1&sort=-1&start=1522128600000
20180327 13:56:03计算最新趋势....
计算信号....
持仓不变....
20180327 14:01:56止损/止盈处理.....
....requesting url:https://api.bitfinex.com/v2/ticker/tBTCUSD
当前仓位为空仓，仓位均价=8082.4,当前ask价格=7912.5
20180327 14:08:56止损/止盈处理.....
....requesting url:https://api.bitfinex.com/v2/ticker/tBTCUSD
当前仓位为空仓，仓位均价=8082.4,当前ask价格=7878
更新历史数据....
....requesting url:https://api.bitfinex.com/v2/candles/trade:15m:tBTCUSD/hist?end=1522131056000.0&limit=1&sort=-1&start=1522129500000
20180327 14:11:03计算最新趋势....
计算信号....
持仓不变....
20180327 14:15:56止损/止盈处理.....
....requesting url:https://api.bitfinex.com/v2/ticker/tBTCUSD
当前仓位为空仓，仓位均价=8082.4,当前ask价格=7917.1
20180327 14:22:56止损/止盈处理.....
....requesting url:https://api.bitfinex.com/v2/ticker/tBTCUSD
当前仓位为空仓，仓位均价=8082.4,当前ask价格=7912.5
更新历史数据....
....requesting url:https://api.bitfinex.com/v2/candles/trade:15m:tBTCUSD/hist?end=1522131956000.0&limit=1&sort=-1&start=1522130400000
20180327 14:26:03计算最新趋势....
计算信号....
持仓不变....
20180327 14:29:56止损/止盈处理.....
....requesting url:https://api.bitfinex.com/v2/ticker/tBTCUSD
当前仓位为空仓，仓位均价=8082.4,当前ask价格=7930.3
20180327 14:36:56止损/止盈处理.....
....requesting url:https://api.bitfinex.com/v2/ticker/tBTCUSD
当前仓位为空仓，仓位均价=8082.4,当前ask价格=7999.5
更新历史数据....
....requesting url:https://api.bitfinex.com/v2/candles/trade:15m:tBTCUSD/hist?end=1522132856000.0&limit=1&sort=-1&start=1522131300000
20180327 14:41:03计算最新趋势....
计算信号....
持仓不变....
20180327 14:43:56止损/止盈处理.....
....requesting url:https://api.bitfinex.com/v2/ticker/tBTCUSD
当前仓位为空仓，仓位均价=8082.4,当前ask价格=7966.3
20180327 14:50:56止损/止盈处理.....
....requesting url:https://api.bitfinex.com/v2/ticker/tBTCUSD
当前仓位为空仓，仓位均价=8082.4,当前ask价格=7968.1
更新历史数据....
....requesting url:https://api.bitfinex.com/v2/candles/trade:15m:tBTCUSD/hist?end=1522133756000.0&limit=1&sort=-1&start=1522132200000
20180327 14:56:03计算最新趋势....
计算信号....
持仓不变....
20180327 14:57:56止损/止盈处理.....
....requesting url:https://api.bitfinex.com/v2/ticker/tBTCUSD
当前仓位为空仓，仓位均价=8082.4,当前ask价格=7966
20180327 15:04:56止损/止盈处理.....
....requesting url:https://api.bitfinex.com/v2/ticker/tBTCUSD
当前仓位为空仓，仓位均价=8082.4,当前ask价格=7946.5
更新历史数据....
....requesting url:https://api.bitfinex.com/v2/candles/trade:15m:tBTCUSD/hist?end=1522134656000.0&limit=1&sort=-1&start=1522133100000
20180327 15:11:03计算最新趋势....
计算信号....
持仓不变....
20180327 15:11:56止损/止盈处理.....
....requesting url:https://api.bitfinex.com/v2/ticker/tBTCUSD
当前仓位为空仓，仓位均价=8082.4,当前ask价格=7863.4
20180327 15:18:56止损/止盈处理.....
....requesting url:https://api.bitfinex.com/v2/ticker/tBTCUSD
当前仓位为空仓，仓位均价=8082.4,当前ask价格=7891.8
20180327 15:25:56止损/止盈处理.....
....requesting url:https://api.bitfinex.com/v2/ticker/tBTCUSD
更新历史数据....
....requesting url:https://api.bitfinex.com/v2/candles/trade:15m:tBTCUSD/hist?end=1522135556000.0&limit=1&sort=-1&start=1522134000000
当前仓位为空仓，仓位均价=8082.4,当前ask价格=7881.4
20180327 15:26:03计算最新趋势....
计算信号....
持仓不变....
20180327 15:32:56止损/止盈处理.....
....requesting url:https://api.bitfinex.com/v2/ticker/tBTCUSD
当前仓位为空仓，仓位均价=8082.4,当前ask价格=7903.1
20180327 15:39:56止损/止盈处理.....
....requesting url:https://api.bitfinex.com/v2/ticker/tBTCUSD
当前仓位为空仓，仓位均价=8082.4,当前ask价格=7930.4
更新历史数据....
....requesting url:https://api.bitfinex.com/v2/candles/trade:15m:tBTCUSD/hist?end=1522136456000.0&limit=1&sort=-1&start=1522134900000
20180327 15:41:03计算最新趋势....
计算信号....
当前信号buy进行交易操作.....
....requesting url:https://api.bitfinex.com/v2/ticker/tBTCUSD
执行交易订单：
{'time': datetime.datetime(2018, 3, 27, 3, 41, 3, 816570), 'price': 7943.4, 'note': None, 'volume': 0.012589067653649571, 'side': 'buy', 'position': 0.00021650504848278775}
持仓不变....
20180327 15:46:56止损/止盈处理.....
....requesting url:https://api.bitfinex.com/v2/ticker/tBTCUSD
当前仓位为多仓，仓位均价=0.0,当前bid价格=7930.7
20180327 15:53:56止损/止盈处理.....
....requesting url:https://api.bitfinex.com/v2/ticker/tBTCUSD
当前仓位为多仓，仓位均价=0.0,当前bid价格=7904
更新历史数据....
....requesting url:https://api.bitfinex.com/v2/candles/trade:15m:tBTCUSD/hist?end=1522137356000.0&limit=1&sort=-1&start=1522135800000
20180327 15:56:03计算最新趋势....
计算信号....
持仓不变....
20180327 16:00:56止损/止盈处理.....
....requesting url:https://api.bitfinex.com/v2/ticker/tBTCUSD
当前仓位为多仓，仓位均价=0.0,当前bid价格=7921
20180327 16:07:56止损/止盈处理.....
....requesting url:https://api.bitfinex.com/v2/ticker/tBTCUSD
当前仓位为多仓，仓位均价=0.0,当前bid价格=7835.9
更新历史数据....
....requesting url:https://api.bitfinex.com/v2/candles/trade:15m:tBTCUSD/hist?end=1522138256000.0&limit=1&sort=-1&start=1522136700000
20180327 16:11:03计算最新趋势....
计算信号....
当前信号sell进行交易操作.....
....requesting url:https://api.bitfinex.com/v2/ticker/tBTCUSD
执行交易订单：
{'time': datetime.datetime(2018, 3, 27, 4, 11, 4, 226605), 'price': 7854, 'note': None, 'volume': 0.012732365673542145, 'side': 'sell', 'position': -0.012515860625059357}
持仓不变....
20180327 16:14:56止损/止盈处理.....
....requesting url:https://api.bitfinex.com/v2/ticker/tBTCUSD
当前仓位为空仓，仓位均价=7989.862063482809,当前ask价格=7880
20180327 16:21:56止损/止盈处理.....
....requesting url:https://api.bitfinex.com/v2/ticker/tBTCUSD
当前仓位为空仓，仓位均价=7989.862063482809,当前ask价格=7911.2
更新历史数据....
....requesting url:https://api.bitfinex.com/v2/candles/trade:15m:tBTCUSD/hist?end=1522139156000.0&limit=1&sort=-1&start=1522137600000
20180327 16:26:03计算最新趋势....
计算信号....
当前信号buy进行交易操作.....
....requesting url:https://api.bitfinex.com/v2/ticker/tBTCUSD
执行交易订单：
{'time': datetime.datetime(2018, 3, 27, 4, 26, 4, 210251), 'price': 7991.7, 'note': None, 'volume': 0.012512982219052267, 'side': 'buy', 'position': -2.878406007090356e-06}
持仓不变....
20180327 16:28:56止损/止盈处理.....
....requesting url:https://api.bitfinex.com/v2/ticker/tBTCUSD
当前仓位为空仓，仓位均价=0.0,当前ask价格=7970.9
触发止损线=0.03
....requesting url:https://api.bitfinex.com/v2/ticker/tBTCUSD
执行交易订单：
{'time': datetime.datetime(2018, 3, 27, 4, 28, 57, 337886), 'price': 7970.9, 'note': 'stopwin', 'volume': 0.012545634746389995, 'side': 'buy', 'position': 0.012542756340382905}
20180327 16:35:56止损/止盈处理.....
....requesting url:https://api.bitfinex.com/v2/ticker/tBTCUSD
当前仓位为多仓，仓位均价=7972.72922204811,当前bid价格=7953
更新历史数据....
....requesting url:https://api.bitfinex.com/v2/candles/trade:15m:tBTCUSD/hist?end=1522140056000.0&limit=1&sort=-1&start=1522138500000
20180327 16:41:03计算最新趋势....
计算信号....
持仓不变....
20180327 16:42:56止损/止盈处理.....
....requesting url:https://api.bitfinex.com/v2/ticker/tBTCUSD
当前仓位为多仓，仓位均价=7972.72922204811,当前bid价格=7946.8
20180327 16:49:56止损/止盈处理.....
....requesting url:https://api.bitfinex.com/v2/ticker/tBTCUSD
当前仓位为多仓，仓位均价=7972.72922204811,当前bid价格=8010.1
更新历史数据....
....requesting url:https://api.bitfinex.com/v2/candles/trade:15m:tBTCUSD/hist?end=1522140956000.0&limit=1&sort=-1&start=1522139400000
20180327 16:56:03计算最新趋势....
计算信号....
持仓不变....
20180327 16:56:56止损/止盈处理.....
....requesting url:https://api.bitfinex.com/v2/ticker/tBTCUSD
当前仓位为多仓，仓位均价=7972.72922204811,当前bid价格=7958.7
20180327 17:03:56止损/止盈处理.....
....requesting url:https://api.bitfinex.com/v2/ticker/tBTCUSD
当前仓位为多仓，仓位均价=7972.72922204811,当前bid价格=7925.3
20180327 17:10:56止损/止盈处理.....
....requesting url:https://api.bitfinex.com/v2/ticker/tBTCUSD
更新历史数据....
....requesting url:https://api.bitfinex.com/v2/candles/trade:15m:tBTCUSD/hist?end=1522141856000.0&limit=1&sort=-1&start=1522140300000
当前仓位为多仓，仓位均价=7972.72922204811,当前bid价格=7944.9
20180327 17:11:03计算最新趋势....
计算信号....
持仓不变....
20180327 17:17:56止损/止盈处理.....
....requesting url:https://api.bitfinex.com/v2/ticker/tBTCUSD
当前仓位为多仓，仓位均价=7972.72922204811,当前bid价格=7921.6
20180327 17:24:56止损/止盈处理.....
....requesting url:https://api.bitfinex.com/v2/ticker/tBTCUSD
当前仓位为多仓，仓位均价=7972.72922204811,当前bid价格=7944.9
更新历史数据....
....requesting url:https://api.bitfinex.com/v2/candles/trade:15m:tBTCUSD/hist?end=1522142756000.0&limit=1&sort=-1&start=1522141200000
20180327 17:26:03计算最新趋势....
计算信号....
持仓不变....
20180327 17:31:56止损/止盈处理.....
....requesting url:https://api.bitfinex.com/v2/ticker/tBTCUSD
当前仓位为多仓，仓位均价=7972.72922204811,当前bid价格=7933
20180327 17:38:56止损/止盈处理.....
....requesting url:https://api.bitfinex.com/v2/ticker/tBTCUSD
当前仓位为多仓，仓位均价=7972.72922204811,当前bid价格=7922.4
更新历史数据....
....requesting url:https://api.bitfinex.com/v2/candles/trade:15m:tBTCUSD/hist?end=1522143656000.0&limit=1&sort=-1&start=1522142100000
20180327 17:41:03计算最新趋势....
计算信号....
持仓不变....
20180327 17:45:56止损/止盈处理.....
....requesting url:https://api.bitfinex.com/v2/ticker/tBTCUSD
当前仓位为多仓，仓位均价=7972.72922204811,当前bid价格=7888.3
20180327 17:52:56止损/止盈处理.....
....requesting url:https://api.bitfinex.com/v2/ticker/tBTCUSD
当前仓位为多仓，仓位均价=7972.72922204811,当前bid价格=7915.2
更新历史数据....
....requesting url:https://api.bitfinex.com/v2/candles/trade:15m:tBTCUSD/hist?end=1522144556000.0&limit=1&sort=-1&start=1522143000000
20180327 17:56:03计算最新趋势....
计算信号....
持仓不变....
20180327 17:59:56止损/止盈处理.....
....requesting url:https://api.bitfinex.com/v2/ticker/tBTCUSD
当前仓位为多仓，仓位均价=7972.72922204811,当前bid价格=7903.5
20180327 18:06:56止损/止盈处理.....
....requesting url:https://api.bitfinex.com/v2/ticker/tBTCUSD
当前仓位为多仓，仓位均价=7972.72922204811,当前bid价格=7944.1
更新历史数据....
....requesting url:https://api.bitfinex.com/v2/candles/trade:15m:tBTCUSD/hist?end=1522145456000.0&limit=1&sort=-1&start=1522143900000
20180327 18:11:03计算最新趋势....
计算信号....
持仓不变....
20180327 18:13:56止损/止盈处理.....
....requesting url:https://api.bitfinex.com/v2/ticker/tBTCUSD
当前仓位为多仓，仓位均价=7972.72922204811,当前bid价格=7949
20180327 18:20:56止损/止盈处理.....
....requesting url:https://api.bitfinex.com/v2/ticker/tBTCUSD
当前仓位为多仓，仓位均价=7972.72922204811,当前bid价格=7948.3
更新历史数据....
....requesting url:https://api.bitfinex.com/v2/candles/trade:15m:tBTCUSD/hist?end=1522146356000.0&limit=1&sort=-1&start=1522144800000
20180327 18:26:03计算最新趋势....
计算信号....
持仓不变....
20180327 18:27:56止损/止盈处理.....
....requesting url:https://api.bitfinex.com/v2/ticker/tBTCUSD
当前仓位为多仓，仓位均价=7972.72922204811,当前bid价格=7955.2
20180327 18:34:56止损/止盈处理.....
....requesting url:https://api.bitfinex.com/v2/ticker/tBTCUSD
当前仓位为多仓，仓位均价=7972.72922204811,当前bid价格=7940.1
更新历史数据....
....requesting url:https://api.bitfinex.com/v2/candles/trade:15m:tBTCUSD/hist?end=1522147256000.0&limit=1&sort=-1&start=1522145700000
20180327 18:41:03计算最新趋势....
计算信号....
持仓不变....
20180327 18:41:56止损/止盈处理.....
....requesting url:https://api.bitfinex.com/v2/ticker/tBTCUSD
当前仓位为多仓，仓位均价=7972.72922204811,当前bid价格=7945
20180327 18:48:56止损/止盈处理.....
....requesting url:https://api.bitfinex.com/v2/ticker/tBTCUSD
当前仓位为多仓，仓位均价=7972.72922204811,当前bid价格=7958.8
20180327 18:55:56止损/止盈处理.....
更新历史数据....
....requesting url:https://api.bitfinex.com/v2/ticker/tBTCUSD
....requesting url:https://api.bitfinex.com/v2/candles/trade:15m:tBTCUSD/hist?end=1522148156000.0&limit=1&sort=-1&start=1522146600000
当前仓位为多仓，仓位均价=7972.72922204811,当前bid价格=8048.3
20180327 18:56:03计算最新趋势....
计算信号....
持仓不变....
20180327 19:02:56止损/止盈处理.....
....requesting url:https://api.bitfinex.com/v2/ticker/tBTCUSD
当前仓位为多仓，仓位均价=7972.72922204811,当前bid价格=7966.6
20180327 19:09:56止损/止盈处理.....
....requesting url:https://api.bitfinex.com/v2/ticker/tBTCUSD
当前仓位为多仓，仓位均价=7972.72922204811,当前bid价格=7929.9
更新历史数据....
....requesting url:https://api.bitfinex.com/v2/candles/trade:15m:tBTCUSD/hist?end=1522149056000.0&limit=1&sort=-1&start=1522147500000
20180327 19:11:03计算最新趋势....
计算信号....
持仓不变....
20180327 19:16:56止损/止盈处理.....
....requesting url:https://api.bitfinex.com/v2/ticker/tBTCUSD
当前仓位为多仓，仓位均价=7972.72922204811,当前bid价格=7932
20180327 19:23:56止损/止盈处理.....
....requesting url:https://api.bitfinex.com/v2/ticker/tBTCUSD
当前仓位为多仓，仓位均价=7972.72922204811,当前bid价格=7941
更新历史数据....
....requesting url:https://api.bitfinex.com/v2/candles/trade:15m:tBTCUSD/hist?end=1522149956000.0&limit=1&sort=-1&start=1522148400000
20180327 19:26:03计算最新趋势....
计算信号....
持仓不变....
20180327 19:30:56止损/止盈处理.....
....requesting url:https://api.bitfinex.com/v2/ticker/tBTCUSD
当前仓位为多仓，仓位均价=7972.72922204811,当前bid价格=7889.1
20180327 19:37:56止损/止盈处理.....
....requesting url:https://api.bitfinex.com/v2/ticker/tBTCUSD
当前仓位为多仓，仓位均价=7972.72922204811,当前bid价格=7903.9
更新历史数据....
....requesting url:https://api.bitfinex.com/v2/candles/trade:15m:tBTCUSD/hist?end=1522150856000.0&limit=1&sort=-1&start=1522149300000
20180327 19:41:03计算最新趋势....
计算信号....
当前信号clear进行交易操作.....
....requesting url:https://api.bitfinex.com/v2/ticker/tBTCUSD
执行交易订单：
{'time': datetime.datetime(2018, 3, 27, 7, 41, 3, 831621), 'price': 7919.8, 'note': 'clear', 'volume': 0.012626581479330285, 'side': 'sell', 'position': -8.382513894738056e-05}
持仓不变....
20180327 19:44:56止损/止盈处理.....
....requesting url:https://api.bitfinex.com/v2/ticker/tBTCUSD
当前仓位为空仓，仓位均价=0.0,当前ask价格=7912
触发止损线=0.03
....requesting url:https://api.bitfinex.com/v2/ticker/tBTCUSD
执行交易订单：
{'time': datetime.datetime(2018, 3, 27, 7, 44, 57, 335538), 'price': 7912, 'note': 'stopwin', 'volume': 0.012639029322548028, 'side': 'buy', 'position': 0.012555204183600647}
20180327 19:51:56止损/止盈处理.....
....requesting url:https://api.bitfinex.com/v2/ticker/tBTCUSD
当前仓位为多仓，仓位均价=7964.824668532111,当前bid价格=7899.8
更新历史数据....
....requesting url:https://api.bitfinex.com/v2/candles/trade:15m:tBTCUSD/hist?end=1522151756000.0&limit=1&sort=-1&start=1522150200000
20180327 19:56:03计算最新趋势....
计算信号....
当前信号sell进行交易操作.....
....requesting url:https://api.bitfinex.com/v2/ticker/tBTCUSD
执行交易订单：
{'time': datetime.datetime(2018, 3, 27, 7, 56, 3, 778443), 'price': 7916.8, 'note': None, 'volume': 0.012631366208569118, 'side': 'sell', 'position': -7.616202496847115e-05}
持仓不变....
20180327 19:58:56止损/止盈处理.....
....requesting url:https://api.bitfinex.com/v2/ticker/tBTCUSD
当前仓位为空仓，仓位均价=0.0,当前ask价格=7930.1
触发止损线=0.03
....requesting url:https://api.bitfinex.com/v2/ticker/tBTCUSD
执行交易订单：
{'time': datetime.datetime(2018, 3, 27, 7, 58, 57, 282514), 'price': 7930.1, 'note': 'stopwin', 'volume': 0.012610181460511216, 'side': 'buy', 'position': 0.012534019435542745}
20180327 20:05:56止损/止盈处理.....
....requesting url:https://api.bitfinex.com/v2/ticker/tBTCUSD
当前仓位为多仓，仓位均价=7978.286655311049,当前bid价格=7901
更新历史数据....
....requesting url:https://api.bitfinex.com/v2/candles/trade:15m:tBTCUSD/hist?end=1522152656000.0&limit=1&sort=-1&start=1522151100000
20180327 20:11:03计算最新趋势....
计算信号....
持仓不变....
20180327 20:12:56止损/止盈处理.....
....requesting url:https://api.bitfinex.com/v2/ticker/tBTCUSD
当前仓位为多仓，仓位均价=7978.286655311049,当前bid价格=7927
20180327 20:19:56止损/止盈处理.....
....requesting url:https://api.bitfinex.com/v2/ticker/tBTCUSD
当前仓位为多仓，仓位均价=7978.286655311049,当前bid价格=7939.8
更新历史数据....
....requesting url:https://api.bitfinex.com/v2/candles/trade:15m:tBTCUSD/hist?end=1522153556000.0&limit=1&sort=-1&start=1522152000000
20180327 20:26:03计算最新趋势....
计算信号....
持仓不变....
20180327 20:26:56止损/止盈处理.....
....requesting url:https://api.bitfinex.com/v2/ticker/tBTCUSD
当前仓位为多仓，仓位均价=7978.286655311049,当前bid价格=7910.9
20180327 20:33:56止损/止盈处理.....
....requesting url:https://api.bitfinex.com/v2/ticker/tBTCUSD
当前仓位为多仓，仓位均价=7978.286655311049,当前bid价格=7956.3
20180327 20:40:56止损/止盈处理.....
....requesting url:https://api.bitfinex.com/v2/ticker/tBTCUSD
更新历史数据....
....requesting url:https://api.bitfinex.com/v2/candles/trade:15m:tBTCUSD/hist?end=1522154456000.0&limit=1&sort=-1&start=1522152900000
当前仓位为多仓，仓位均价=7978.286655311049,当前bid价格=7950
20180327 20:41:03计算最新趋势....
计算信号....
持仓不变....
20180327 20:47:56止损/止盈处理.....
....requesting url:https://api.bitfinex.com/v2/ticker/tBTCUSD
当前仓位为多仓，仓位均价=7978.286655311049,当前bid价格=7935.9
20180327 20:54:56止损/止盈处理.....
....requesting url:https://api.bitfinex.com/v2/ticker/tBTCUSD
当前仓位为多仓，仓位均价=7978.286655311049,当前bid价格=7909.2
更新历史数据....
....requesting url:https://api.bitfinex.com/v2/candles/trade:15m:tBTCUSD/hist?end=1522155356000.0&limit=1&sort=-1&start=1522153800000
20180327 20:56:03计算最新趋势....
计算信号....
持仓不变....
20180327 21:01:56止损/止盈处理.....
....requesting url:https://api.bitfinex.com/v2/ticker/tBTCUSD
当前仓位为多仓，仓位均价=7978.286655311049,当前bid价格=7926.7
20180327 21:08:56止损/止盈处理.....
....requesting url:https://api.bitfinex.com/v2/ticker/tBTCUSD
当前仓位为多仓，仓位均价=7978.286655311049,当前bid价格=7951.2
更新历史数据....
....requesting url:https://api.bitfinex.com/v2/candles/trade:15m:tBTCUSD/hist?end=1522156256000.0&limit=1&sort=-1&start=1522154700000
20180327 21:11:03计算最新趋势....
计算信号....
Job "trading (trigger: interval[0:15:00], next run at: 2018-03-27 09:25:56 EDT)" raised an exception
Traceback (most recent call last):
  File "/usr/local/lib/python3.5/dist-packages/apscheduler/executors/base.py", line 125, in run_job
    retval = job.func(*job.args, **job.kwargs)
  File "simulator.py", line 289, in trading
    print ('当前信号'+sig+'进行交易操作.....')
TypeError: Can't convert 'list' object to str implicitly
20180327 21:15:56止损/止盈处理.....
....requesting url:https://api.bitfinex.com/v2/ticker/tBTCUSD
当前仓位为多仓，仓位均价=7978.286655311049,当前bid价格=7969.9
